../Core/Src/main.c:109:5:main	8	static
../Core/Src/main.c:190:6:SystemClock_Config	88	static
../Core/Src/main.c:232:13:MX_ADC1_Init	24	static
../Core/Src/main.c:284:13:MX_I2C1_Init	8	static
../Core/Src/main.c:318:13:MX_SPI1_Init	8	static
../Core/Src/main.c:356:13:MX_TIM1_Init	32	static
../Core/Src/main.c:402:13:MX_USART1_UART_Init	8	static
../Core/Src/main.c:435:13:MX_GPIO_Init	40	static
../Core/Src/main.c:472:6:StartDefaultTask	16	static
../Core/Src/main.c:490:6:StartDisplayTask	16	static
../Core/Src/main.c:515:6:StartAccelTask	16	static
../Core/Src/main.c:530:6:Callback01	16	static
../Core/Src/main.c:545:6:HAL_TIM_PeriodElapsedCallback	16	static
../Core/Src/main.c:562:6:Error_Handler	4	static,ignoring_inline_asm
