../Core/Src/main.c:117:5:main	8	static
../Core/Src/main.c:199:6:SystemClock_Config	88	static
../Core/Src/main.c:241:13:MX_ADC1_Init	24	static
../Core/Src/main.c:293:13:MX_I2C1_Init	8	static
../Core/Src/main.c:327:13:MX_SPI1_Init	8	static
../Core/Src/main.c:365:13:MX_TIM1_Init	96	static
../Core/Src/main.c:440:13:MX_USART1_UART_Init	8	static
../Core/Src/main.c:473:13:MX_GPIO_Init	40	static
../Core/Src/main.c:510:6:StartDefaultTask	16	static
../Core/Src/main.c:528:6:StartDisplayTask	16	static
../Core/Src/main.c:552:6:StartAccelTask	416	static
../Core/Src/main.c:589:7:clear_buffers	24	static
../Core/Src/main.c:578:6:StartConsoleTask	168	dynamic
../Core/Src/main.c:630:6:Callback01	16	static
../Core/Src/main.c:645:6:HAL_TIM_PeriodElapsedCallback	16	static
../Core/Src/main.c:662:6:Error_Handler	4	static,ignoring_inline_asm
